

<div
  class="App"
>
  <header
    class="App-header"
  >
    <nav
      class="navbar-dark navbar navbar-expand-sm navbar-light"
    >
      <a
        class="navbar-brand"
        href="#home"
      >
        PDF 2 Image
        <div
          class="descriptor"
        >
          Convert a PDF file to a set of optimized JPG images
        </div>
      </a>
      <button
        aria-controls="basic-navbar-nav"
        aria-label="Toggle navigation"
        class="navbar-toggler collapsed"
        onClick={[Function]}
        type="button"
      >
        <span
          class="navbar-toggler-icon"
        />
      </button>
      <div
        aria-expanded={null}
        class="navbar-collapse collapse"
        id="basic-navbar-nav"
      >
        <div
          class="mr-auto navbar-nav"
          onKeyDown={[Function]}
        >
          <a
            class="nav-link"
            data-rb-event-key="/"
            href="/"
            onClick={[Function]}
            onKeyDown={[Function]}
          >
            Home
          </a>
          <div
            class="dropdown nav-item"
            onKeyDown={[Function]}
          >
            <a
              aria-expanded={false}
              aria-haspopup={true}
              class="dropdown-toggle nav-link"
              data-rb-event-key={null}
              href="#"
              onClick={[Function]}
              onKeyDown={[Function]}
              role="button"
            >
              Previous PDFs
            </a>
            <div
              aria-labelledby={null}
              class="dropdown-menu"
            />
          </div>
          <a
            class="nav-link"
            data-rb-event-key="/about"
            href="/about"
            onClick={[Function]}
            onKeyDown={[Function]}
          >
            About
          </a>
        </div>
      </div>
    </nav>
  </header>
  <div>
    <div>
      <div
        class="center container"
      >
        <div
          class="tight-container"
        >
          <div
            class="mt2"
          >
            This free tool converts PDFs to JPGs. It shows thumbnails of each page so you can easily enlarge and download only the files you wish to download
          </div>
          <div
            class="mt2"
          >
            <span
              class="big"
            >
              1
            </span>
             Click the 'Choose File' button and select a PDF file you wish to convert. Click 'Convert to JPG images' and wait for the conversion process to finish.
          </div>
          <div>
            <span
              class="big"
            >
              2
            </span>
             Download the results either file by file or click the DOWNLOAD ALL button to get them all at once in a ZIP archive.
          </div>
        </div>
      </div>
    </div>
    <div
      class="container"
    >
      <input
        accept=".pdf"
        class="btn btn-success input-padding"
        onChange={[Function]}
        type="file"
        value=""
      />
      <button
        class="convert-button-padding btn btn-primary"
        disabled={true}
        onClick={[Function]}
        type="button"
      >
        Convert to JPG Images
      </button>
    </div>
  </div>
</div>
